border_size=1
usage=map

Xu          , Xu          , Xu          , Xu          , Xu          , Xu          , Xu          , Xu          , Xu          , Xu          , Xu          , Xu          , Xu          , Xu          , Xu          , Xu          , Xu          , Xu          , Xu          , Xu          , Xu          , Xu          , Xu          , Xu          , Xu          , Xu          , Xu          , Xu          , Xu          , Xu          , Xu          , Xu          , Xu          , Xu          , Xu          , Xu          , Xu          , Xu          , Xu          , Xu          , Xu          , Xu          , Xu          , Xu          , Xu          , Xu          , Xu          , Xu          , Xu          , Xu          , Xu          , Xu          , Xu          , Xu          , Xu          , Xu          , Xu          
Xu          , Xu          , Uu^Vud      , Uu          , Uu          , Uu          , Uu          , Uu          , Uu          , Uu          , Xu          , Uu^Vu       , Uu          , Uu          , Ur          , Uu          , Uu          , Uu          , Uu          , Xos         , Uu          , Uu          , Uu          , Uu          , Uu          , Uu          , Uu          , Uu          , Uu          , Uu          , Uu          , Uu          , Uu          , Uu          , Uu          , Xu          , Xu          , Xu          , Xu          , Uu^Uf       , Wwg         , Wwg         , Wwg^Ii      , Wwg^Ii      , Wwg^Ii      , Wwg^Ii      , Wwg^Ii      , Uu^Uf       , Uu          , Uu          , Uu          , Xu          , Xu          , Xu          , Xu          , Xu          , Xu          
Xu          , Uu          , Cud         , Cud         , Cud         , Uu          , Ur          , Ur          , Ur          , Uu          , Uu          , Uu          , Ur          , Ur          , Xu          , Ur          , Ur          , Ur          , Ur          , Xos         , Ur          , Ur          , Ur          , Xu          , Uu          , Uu          , Ur          , Uu          , Uu          , Uu          , Uu          , Uu          , Uu          , Uu          , Xu          , Xu          , Uu^Uf       , Uu^Uf       , Ww^Ii       , Wwg         , Wwg^Ii      , Wwg^Ii      , Wo^Ii       , Wo^Ii       , Wo^Ii       , Wo^Ii       , Wwg^Ii      , Uu^Uf       , Ur          , Ur          , Ur          , Uu          , Uu          , Xu          , Xu          , Xu          , Xu          
Xu          , Uu          , Cud         , Kud         , Cud         , Uu^Vud      , Ur          , Uu          , Uu          , Ur          , Ur          , Ur          , Ur          , Ur          , Ur          , Ur          , Ur          , Ur          , Ur          , Xos         , Ur          , Ur          , Ur          , Ur          , Ur          , Ur          , Xu          , Ur          , Uu          , Uu          , Uu          , Uu          , Xu          , Xu          , Xu          , Xu          , Ai          , Ai          , Ai^Ii       , Ww^Ii       , Wwg^Ii      , Wo^Ii       , Ha^Ii       , Ha^Ii       , Wo^Ii       , Wo^Ii       , Wwg^Ii      , Uu^Uf       , Uu          , Ur          , Ur          , Ur          , Ur          , Uu          , Uu          , Xu          , Xu          
Xu          , Uu          , Uu^Vud      , Cud         , Uu          , Uu          , Uu          , Ur          , Ur          , Ur          , Ur          , Ur          , Ur          , Ur          , Ur          , Ur          , Ur          , Ur          , Ur          , Xu          , Ur          , Ur          , Uu          , Uu          , Uu          , Ur          , Ur          , Ur          , Uu          , Uu          , Uu          , Uu          , Xu          , Xu          , Aa          , Ai          , Wwf         , Ai          , Ai^Ii       , Ww^Ii       , Wwg^Ii      , Wo^Ii       , Wo^Ii       , Ha^Ii       , Wo^Ii       , Wwg^Ii      , Xu          , Uu^Uf       , Xu          , Uu          , Uu          , Uu          , Uu          , Ur          , Uu          , Uu          , Xu          
Xu          , Uu          , Uu          , Uu          , Uu          , Ur          , Ur          , Ur          , Ur          , Xu          , Ur          , Ur          , Ur          , Xu          , Ur          , Ur          , Ur          , Ur          , Ur          , Xu          , Uu          , Uu          , Xu          , Uu          , Xu          , Uu          , Uu          , Uu          , Uu          , Xu          , Uu          , Uu          , Xu          , Xu          , Qxu         , Aa          , Wwf         , Ai          , Ai^Ii       , Ww^Ii       , Ww^Ii       , Wwg^Ii      , Wwg^Ii      , Wo^Ii       , Wwg^Ii      , Wwg^Ii      , Uu^Vud      , Xu          , Xu          , Xu          , Xu          , Xu          , Uu          , Ur          , Uu          , Xu          , Xu          
Xu          , Xu          , Uu          , Ur          , Ur          , Ur          , Xu          , Ur          , Ur          , Ur          , Ur          , Ur          , Ur          , Ur          , Ur          , Ur          , Xu          , Ur          , Xu          , Xu          , Xu          , Xu          , Xu          , Xu          , Xu          , Xu          , Xu          , Uu          , Uu          , Xu          , Uu          , Ur          , Xu          , Xu          , Aa^Ii       , Aa          , Ai          , Ai          , Ai          , Ai^Ii       , Ww^Ii       , Wwg^Ii      , Wwg^Ii      , Wwg^Ii      , Wwg         , Wwg         , Xu          , Xu          , Qxu^Ii      , Xu          , Xu          , Uu          , Ur          , Ur          , Uu          , Xu          , Xu          
Xu          , Xu          , Ur          , Ur          , Ur          , Ur          , Ur          , Ur          , Ur          , Ur          , Ur          , Ur          , Ur          , Ur          , Xu          , Xu          , Xu          , Xu          , Xu          , Xu          , Xu          , Xu          , Uu          , Xu          , Uu          , Xu          , Xu          , Uu          , Uu          , Xu          , Uu          , Ur          , Xu          , Aa          , Aa          , Wwf         , Ai          , Ai          , Uu^Uf       , Ai^Ii       , Uu^Ii       , Wwg^Ii      , Uu^Uf       , Wwg         , Xu          , Xu          , Qxu^Ii      , Qxu^Ii      , Qxu^Ii      , Qxu^Ii      , Ql          , Uu          , Ur          , Ur          , Uu          , Xu          , Xu          
Xu          , Xu          , Ur          , Ur          , Ur          , Ur          , Ur          , Ur          , Ur          , Ur          , Ur          , Ur          , Ur          , Xu          , Xu          , Xu          , Uu          , Xu          , Uu          , Uu          , Uu          , Uu          , Uu          , Uu          , Uu          , Xu          , Xu          , Uu          , Qxu^Bs|     , Ur          , Qxu^Bs|     , Uu          , Xu          , Xu          , Xu          , Ai          , Xu          , Uu^Uf       , Xu          , Uu          , Uu          , Xu          , Xu          , Xu          , Qxu         , Qxu         , Qxu^Ii      , Qxu^Ii      , Ql^Ii       , Ql^Ii       , Ql^Bs/      , Ql^Bs/      , Ur          , Ur          , Uu          , Xu          , Xu          
Xu          , Xu          , Ur          , Ur          , Xu          , Ur          , Ur          , Ur          , Ur          , Ur          , Ur          , Ur          , Ur          , Xu          , Xu          , Xu          , Xu          , Uu          , Qxu         , Qxu         , Xu          , Uu          , Uu          , Uu          , Uu          , Xu          , Xu          , Qxu         , Qxu^Bs|     , Ur          , Qxu^Bs|     , Qxu         , Xu          , Xu          , Uu          , Xu          , Uu          , Xu          , Uu          , Xu          , Xu          , Xu          , Qxu         , Qxu         , Qxu         , Qxu         , Ql^Ii       , Ql^Ii       , Ql^Bs/      , Ql^Bs/      , Ur          , Ur          , Ql^Bs/      , Ql^Bs/      , Ql          , Ql          , Xu          
Xu          , Xu          , Ur          , Ur          , Ur          , Ur          , Ur          , Ur          , Ur          , Xu          , Ur          , Ur          , Ur          , Ur          , Ur          , Xu          , Xu          , Uu          , Uu          , Qxu         , Uu          , Uu          , Uu          , Uu          , Uu          , Xu          , Xu          , Qxu         , Qxu^Bs|     , Ur          , Qxu^Bs|     , Qxu         , Xu          , Xu          , Uu          , Uu          , Uu          , Uu          , Uu          , Xu          , Xu          , Xu          , Xu          , Xu          , Ql^Ii       , Ql          , Ql^Bs/      , Ql^Bs/      , Ur          , Ur          , Ql^Bs/      , Ql^Bs/      , Wo          , Wo          , Wo          , Xu          , Xu          
Xu          , Xu          , Ur          , Ur          , Ur          , Ur          , Ur          , Ur          , Ur          , Ur          , Ur          , Ur          , Ur          , Ur          , Ur          , Xu          , Xu          , Xu          , Xu          , Uu          , Uu          , Uu          , Uu          , Uu          , Uu          , Xu          , Xu          , Qxu         , Qxu^Bs|     , Ur          , Qxu^Bs|     , Qxu         , Xu          , Xu          , Uu          , Uu          , Xu          , Uu          , Ql^Ii       , Xu          , Xu          , Xu          , Ql^Ii       , Ql^Ii       , Ur          , Ql^Bs/      , Ur          , Ur          , Ql^Bs/      , Ql^Bs/      , Wo          , Wo          , Wo          , Wo          , Xu          , Xu          , Xu          
Xu          , Xu          , Ur          , Ur          , Ur          , Ur          , Xu          , Ur          , Ur          , Ur          , Ur          , Ur          , Ur          , Ur          , Ur          , Ur          , Xu          , Xu          , Xu          , Xu          , Xu          , Uu          , Uu          , Uu          , Xu          , Xu          , Xu          , Qxu         , Qxu^Bs|     , Ur          , Qxu^Bs|     , Qxu         , Xu          , Uu          , Uu          , Xu          , Xu          , Xu          , Xu          , Ql^Ii       , Ql^Ii       , Ql          , Ql^Bs/      , Ql^Bs/      , Ur          , Uu^Vu       , Ur          , Ql^Bs/      , Wo          , Wo          , Wo          , Wo          , Xu          , Xu          , Ur          , Ur^Vud      , Xu          
Xu          , Xu          , Ur          , Ur          , Ur          , Ur          , Ur          , Ur          , Ur          , Ur          , Xu          , Ur          , Xu          , Ur          , Xos         , Xos         , Ur          , Qxu         , Qxu         , Xu          , Xu          , Xu          , Xu          , Uu          , Xu          , Xu          , Qxu         , Qxu         , Qxu^Bs|     , Ur          , Qxu^Bs|     , Qxu         , Xu          , Uu          , Uu          , Xu          , Xu          , Xu          , Ql          , Ql^Ii       , Ql^Bs/      , Ql^Bs/      , Ur          , Ur          , Ql^Bs/      , Ql^Bs/      , Qxe         , Qxe         , Wo          , Wo          , Xu          , Xu          , Ur          , Ur          , Ur          , Ur          , Xu          
Xu          , Xu          , Ur          , Ur          , Ur          , Ur          , Ur          , Ur          , Ur          , Ur          , Xu          , Xu          , Xu          , Xu          , Qxu         , Ur          , Qxu^Bs\     , Qxu^Bs\     , Qxu^Bs\     , Qxu         , Qxu         , Xu          , Xu          , Xu          , Xu          , Xu          , Xu          , Qxu         , Qxu^Bs|     , Ur          , Qxu^Bs|     , Qxu         , Xu          , Xu          , Xu          , Xu          , Ql^Ii       , Ql^Ii       , Ql^Bs/      , Ql^Bs/      , Ur          , Ur          , Ql^Bs/      , Ql^Bs/      , Ql          , Ql^Ii       , Wo          , Wo          , Xu          , Xu          , Ur          , Ur          , Cud^Ii      , Cud^Ii      , Cud^Ii      , Ur          , Xu          
Xu          , Xu          , Ur          , Ur          , Xu          , Ur          , Ur          , Ur          , Ur          , Ur          , Xu          , Uu          , Uu          , Xu          , Xu          , Qxu         , Qxu         , Qxu^Bs\     , Qxu^Bs\     , Qxu^Bs\     , Qxu^Bs\     , Qxu         , Qxu         , Xu          , Xu          , Xu          , Uu          , Xu          , Qxu^Bs|     , Ur          , Qxu^Bs|     , Xu          , Xu          , Xu          , Ql          , Ql^Ii       , Ql^Bs/      , Ql^Bs/      , Ur          , Ur          , Ql^Bs/      , Ql^Bs/      , Ql^Ii       , Wo          , Wwg         , Wo          , Xu          , Xu          , Qxu         , Xu          , Ur          , Ur          , Cud^Ii      , Kud^Ii      , Cud^Ii      , Ur          , Xu          
Xu          , Xu          , Uu          , Ur          , Ur          , Ur          , Ur          , Ur          , Ur          , Ur          , Xu          , Uu          , Uu          , Uu          , Uu          , Xu          , Xu          , Qxu         , Qxu         , Qxu^Bs\     , Qxu^Bs\     , Qxu^Bs\     , Qxu^Bs\     , Qxu         , Qxu         , Xu          , Xu          , Xu          , Qxu^Bs|     , Ur          , Qxu^Bs|     , Xu          , Xu          , Xu          , Ql^Bs/      , Ql^Bs/      , Ur          , Ur          , Ql^Bs/      , Ql^Bs/      , Wwg         , Ql^Ii       , Ql^Ii       , Qxu         , Wog         , Wog         , Wwg         , Xu          , Xu          , Ur          , Ur          , Ur          , Ur          , Cud^Ii      , Ur          , Ur          , Xu          
Xu          , Xu          , Uu          , Ur          , Ur          , Ur          , Xu          , Ur          , Ur          , Ur          , Xu          , Uu          , Uu          , Uu          , Uu          , Uu          , Uu          , Xu          , Xu          , Qxu         , Qxu         , Qxu^Bs\     , Qxu^Bs\     , Qxu^Bs\     , Qxu^Bs\     , Qxu         , Qxu         , Xu          , Qxu^Bs|     , Ur          , Qxu^Bs|     , Xu          , Ql^Bs/      , Ql^Bs/      , Ur          , Ur          , Ql^Bs/      , Ql^Bs/      , Ql          , Wog         , Wwg         , Wwg         , Ql^Ii       , Qxu         , Qxu         , Wwg         , Wwg         , Wwg         , Xu          , Xu          , Ur          , Ur          , Ur          , Ur          , Ur          , Ur^Vud      , Xu          
Xu          , Xu          , Uu          , Ur          , Ur          , Ur          , Ur          , Ur          , Ur          , Ur          , Xu          , Uu          , Uu          , Uu          , Uu          , Uu          , Uu          , Uu          , Uu          , Xu          , Xu          , Qxu         , Qxu         , Qxu^Bs\     , Qxu^Bs\     , Qxu^Bs\     , Qxu^Bs\     , Qxu         , Qxu^Bs|     , Ur          , Qxu^Bs|     , Ql^Bs/      , Ur          , Ur          , Ql^Bs/      , Ql^Bs/      , Ql^Ii       , Ql^Ii       , Ql          , Wog         , Wog         , Wwg         , Qxu         , Ql^Ii       , Qxu         , Wwg         , Wwg         , Wwg         , Xu          , Ur          , Ur          , Ur          , Ur          , Ur          , Ur          , Xu          , Xu          
Xu          , Xu          , Uu          , Ur          , Ur          , Ur          , Ur          , Ur          , Xu          , Xu          , Xu          , Uu          , Uu          , Uu          , Uu          , Uu          , Uu          , Uu          , Uu          , Uu          , Xu          , Xu          , Xu          , Qxu         , Qxu         , Qxu^Bs\     , Qxu^Bs\     , Qxu^Bs\     , Cud^Ii      , Cud^Ii      , Cud^Ii      , Ur          , Ql^Bs/      , Ql^Bs/      , Ql          , Ql^Ii       , Ql^Ii       , Qxu         , Qxu         , Qxu         , Wog         , Wwg         , Qxu         , Ql^Ii       , Qxu         , Qxu         , Wwg         , Xu          , Ql^Ii       , Ur          , Ur          , Ur          , Ur          , Ur          , Ur          , Xu          , Xu          
Xu          , Xu          , Uu          , Ur          , Ur          , Ur          , Ur          , Uu          , Xu          , Uu          , Uu          , Uu          , Uu          , Uu          , Ur          , Ur          , Uu          , Uu          , Uu          , Uu          , Xu          , Xu          , Xu          , Xu          , Xu          , Qxu         , Ql^Bs/      , Uu^Vu       , Cud^Ii      , Ql^Ii       , Cud^Ii      , Ql^Bs/      , Ql          , Ql^Ii       , Ql^Ii       , Qxu         , Qxu         , Qxu         , Qxu         , Wog         , Wog         , Wog         , Wwg         , Qxu         , Qxu         , Wwg         , Xu          , Xu          , Wwg         , Ur          , Ur          , Ur          , Ur          , Aa          , Aa          , Xu          , Xu          
Xu          , Uu          , Uu          , Ur          , Ur          , Ur          , Ur          , Uu          , Uu          , Xu          , Xu          , Uu          , Uu          , Uu          , Uu          , Ur          , Uu          , Uu          , Xu          , Xu          , Xu          , Xu          , Xu          , Ql^Ii       , Ql^Bs/      , Ql^Bs/      , Ur          , Ur          , Uu^Vu       , Cud^Ii      , Uu^Vu       , Ql^Bs\      , Qxu^Bs\     , Qxu         , Qxu         , Qxu         , Qxu         , Qxu         , Wog         , Qxu         , Qxu         , Qxu         , Wwg         , Wwg         , Wwg         , Wwg         , Xu          , Wwg         , Wwg         , Ur          , Ur          , Ur          , Aa          , Aa          , Aa          , Xu          , Xu          
Xu          , Uu          , Uu          , Xu          , Ur          , Ur          , Ur          , Uu          , Uu          , Uu          , Xu          , Uu          , Xu          , Xu          , Xos         , Ur          , Uu          , Uu          , Xu          , Uu          , Ql^Ii       , Ql          , Ql^Bs/      , Ql^Bs/      , Ur          , Ur          , Ql^Bs/      , Ql^Bs/      , Ql^Bs|      , Ql^Bs|      , Ql^Bs|      , Qxu^Bs\     , Ur          , Qxu^Bs\     , Qxu^Bs\     , Qxu         , Qxu         , Qxu         , Qxu         , Qxu         , Qxu         , Wog         , Wog         , Wog         , Wwg         , Xu          , Wwg         , Wwg         , Wwg         , Ur          , Ur          , Ur          , Aa          , Ai          , Ai          , Xu          , Xu          
Xu          , Uu          , Uu          , Xu          , Ur          , Ur          , Xu          , Uu          , Uu          , Uu          , Uu          , Xu          , Ur          , Ur          , Uu          , Xos         , Xu          , Xu          , Ql^Ii       , Ql          , Ql^Bs/      , Ql^Bs/      , Ur          , Ur          , Ql^Bs/      , Ql^Bs/      , Ql^Ii       , Ql^Ii       , Ql^Bs|      , Qxu^Bs|     , Qxu^Bs|     , Qxu^Bs\     , Qxu^Bs\     , Ur          , Ur          , Qxu^Bs\     , Qxu^Bs\     , Qxu         , Qxu         , Qxu         , Qxu         , Qxu         , Wog         , Xu          , Wog         , Wwg         , Wwg         , Wwg         , Qxu         , Ur^Vud      , Ur^Ii       , Ur          , Ur^Ii       , Ai          , Qxu         , Xu          , Xu          
Xu          , Uu          , Uu          , Ur          , Ur          , Ur          , Xu          , Xu          , Uu          , Uu          , Ur          , Ur          , Uu          , Uu          , Xu          , Xu          , Xu          , Ql^Ii       , Ql^Bs/      , Ql^Bs/      , Ur          , Ur          , Ql^Bs/      , Ql^Bs/      , Ql^Ii       , Ql^Ii       , Ql^Ii       , Qxu         , Qxu^Bs|     , Ur          , Qxu^Bs|     , Qxu         , Qxu         , Qxu^Bs\     , Qxu^Bs\     , Ur          , Ur          , Qxu^Bs\     , Qxu^Bs\     , Qxu         , Qxu         , Qxu         , Xu          , Xu          , Wog         , Wwg         , Wwg         , Wwg         , Ur^Ii       , Ur^Ii       , Ur^Ii       , Ur^Ii       , Ur^Ii       , Ai          , Qxu         , Xu          , Xu          
Xu          , Uu          , Uu          , Ur          , Ur          , Ur          , Ur          , Uu^Vud      , Ur          , Ur          , Uu          , Uu          , Xu          , Xu          , Ql^Ii       , Ql          , Ql^Bs/      , Ql^Bs/      , Ur          , Ur          , Ql^Bs/      , Ql^Bs/      , Ql^Ii       , Ql^Ii       , Ql          , Ur          , Qxu         , Qxu         , Qxu^Bs|     , Ur          , Qxu^Bs|     , Qxu         , Ww          , Qxu         , Qxu         , Qxu^Bs\     , Qxu^Bs\     , Ur          , Ur          , Qxu^Bs\     , Qxu^Bs\     , Qxu         , Qxu         , Xu          , Xu          , Wog         , Wwg         , Wwg         , Ur^Ii       , Ur^Ii       , Ur^Ii       , Ur^Ii       , Ai          , Ai          , Ai          , Xu          , Xu          
Xu          , Uu          , Uu          , Uu          , Ur          , Ur          , Ur          , Ur          , Uu          , Uu          , Xu          , Xu          , Ql          , Ql^Ii       , Ql^Bs/      , Ql^Bs/      , Ur          , Ur          , Ql^Bs/      , Ql^Bs/      , Ql^Ii       , Ql^Ii       , Ql^Ii       , Qxu         , Qxu         , Ur          , Qxu         , Qxu         , Qxu^Bs|     , Ur          , Qxu^Bs|     , Qxu         , Ww          , Chw         , Chw         , Qxu         , Qxu         , Qxu^Bs\     , Qxu^Bs\     , Ur          , Ur          , Qxu^Bs\     , Qxu^Bs\     , Qxu         , Qxu         , Xu          , Xu          , Wwg         , Wwg         , Ur^Ii       , Uu^Ii       , Ur^Ii       , Wwf         , Ai          , Ai          , Xu          , Xu          
Xu          , Uu          , Uu          , Uu          , Uu          , Ur          , Uu          , Uu          , Xu          , Xu          , Ql^Ii       , Ql^Ii       , Ur          , Ql^Bs/      , Ur          , Ur          , Ql^Bs/      , Ql^Bs/      , Ql^Ii       , Ql^Ii       , Ql^Ii       , Ql^Ii       , Ur          , Uh          , Qxu         , Ur          , Uu^Uf       , Qxu         , Qxu^Bs|     , Ur          , Qxu^Bs|     , Qxu         , Ww          , Khw         , Chw         , Qxu         , Ww^Vm       , Qxu         , Qxu         , Qxu^Bs\     , Qxu^Bs\     , Ur          , Ur          , Uu          , Uu          , Qxu         , Qxu         , Xu          , Xu          , Wwg         , Wwg         , Uu^Ii       , Uu^Ii       , Ai          , Uu^Ii       , Xu          , Xu          
Xu          , Uu          , Uu          , Uu          , Xu          , Uu          , Xu          , Xu          , Ql          , Ql^Ii       , Uu          , Uu          , Ur          , Ur          , Ur          , Ql^Bs/      , Ql^Ii       , Ql^Ii       , Ql^Ii       , Ql^Ii       , Ql^Ii       , Ur          , Qxu         , Qxu         , Qxu         , Uu^Uf       , Uu^Uf       , Qxu         , Qxu^Bs|     , Ur          , Qxu^Bs|     , Qxu         , Ww          , Chw         , Ww          , Ww          , Ww          , Ww          , Qxu         , Qxu         , Qxu         , Uu          , Ur          , Ur          , Ur          , Uu          , Uu          , Qxu         , Qxu         , Xu          , Xu          , Wwg         , Qxu         , Uu^Ii       , Uu^Vud      , Xu          , Xu          
Xu          , Uu          , Xu          , Xu          , Xu          , Xu          , Ur          , Ur          , Ur          , Ql^Ii       , Uu          , Uu          , Ur          , Ur          , Xu          , Ql^Ii       , Ql^Ii       , Ql^Ii       , Ql^Ii       , Ql^Ii       , Ql^Ii       , Ur          , Qxu         , Qxu         , Qxu         , Ur          , Qxu         , Qxu         , Qxu^Bs|     , Ur          , Qxu^Bs|     , Qxu         , Qxu         , Ww          , Qxu         , Qxu         , Qxu         , Qxu         , Qxu         , Qxu         , Qxu         , Uu          , Uu          , Ur          , Ur          , Ur          , Ur          , Uu          , Uu          , Qxu         , Qxu         , Xu          , Xu          , Xu          , Xu          , Xu          , Xu          
Xu          , Xu          , Xu          , Xu          , Ur          , Ur          , Ql^Ii       , Ql          , Ur          , Ql          , Uu          , Ur          , Ur          , Ur          , Uu          , Xu          , Xu          , Ql^Ii       , Ql^Ii       , Ql^Ii       , Ql^Ii       , Ur          , Ur          , Qxu         , Qxu         , Qxu         , Qxu         , Qxu         , Qxu^Bs|     , Ur          , Qxu^Bs|     , Qxu         , Qxu         , Qxu         , Qxu         , Qxu         , Qxu         , Qxu         , Qxu         , Qxu         , Qxu         , Uu          , Uu          , Ur          , Ur          , Ur          , Ur          , Ur          , Uu          , Uu          , Qxu         , Qxu         , Qxu         , Xu          , Xu          , Xu          , Xu          
Xu          , Xu          , Ur          , Ur          , Ql^Ii       , Ql^Ii       , Ur          , Ur          , Ql          , Ql          , Ur          , Ur          , Uu          , Uu          , Uu          , Uu          , Uu          , Xu          , Xu          , Ql^Ii       , Ql^Ii       , Ql^Ii       , Ur          , Qxu         , Qxu         , Qxu         , Qxu         , Qxu         , Qxu^Bs|     , Ur          , Qxu^Bs|     , Qxu         , Qxu         , Qxu         , Qxu         , Qxu         , Qxu         , Qxu         , Qxu         , Uu          , Uu          , Uu          , Uu^Dr       , Ur          , Ur          , Ur          , Ur          , Ur          , Ur          , Uu          , Uu          , Qxu         , Uu          , Qxu         , Wwr         , Xu          , Xu          
Xu          , Xu          , Ur          , Ql          , Ur          , Ur          , Ql          , Ql          , Ur          , Ur          , Uu          , Uu          , Uu          , Uu          , Uu          , Uu          , Uu          , Uu          , Uu          , Xu          , Xu          , Ql^Ii       , Ql^Ii       , Ur          , Qxu         , Qxu         , Qxu         , Qxu         , Qxu^Bs|     , Ur          , Qxu^Bs|     , Qxu         , Qxu         , Qxu         , Qxu         , Qxu         , Qxu         , Uu          , Uu          , Uu          , Ur          , Uu          , Cud         , Cud         , Cud         , Ur          , Uu          , Uu          , Uu          , Ur          , Ur          , Uu          , Uu          , Qxu         , Qxu         , Qxu         , Xu          
Xu          , Ur          , Ql          , Ql^Ii       , Ur          , Ql          , Ur          , Ur          , Uu          , Uu          , Uu          , Uu          , Uu          , Uu          , Uu          , Uu          , Uu          , Uu          , Uu          , Uu          , Uu          , Xu          , Ql^Ii       , Ur          , Ur          , Qxu         , Qxu         , Qxu         , Qxu^Bs|     , Ur          , Qxu^Bs|     , Qxu         , Qxu         , Qxu         , Qxu         , Qxu         , Uu          , Uu          , Ur          , Uu          , Uu          , Uu^Dr       , Cud         , Ko          , Cud         , Ur          , Uu          , Uu          , Uu          , Uu          , Uu          , Ur          , Uu          , Uu          , Uu          , Qxu         , Xu          
Xu          , Ur          , Ql^Ii       , Ur          , Ql          , Ql          , Ur          , Uu          , Uu          , Uu          , Uu          , Uu          , Uu          , Uu          , Uu          , Uu          , Uu          , Uu          , Uu          , Uu          , Uu          , Xu          , Xu          , Ql^Ii       , Ur          , Qxu         , Xu          , Xu          , Qxu^Bs|     , Ur          , Qxu^Bs|     , Xu          , Qxu         , Uu          , Uu          , Qxu         , Uu          , Uu          , Uu          , Uu          , Uu          , Uu^Dr       , Uu          , Cud         , Uu          , Ur          , Uu          , Uu          , Uu          , Uu          , Uu          , Uu          , Uu          , Uu          , Uu          , Uu          , Xu          
Xu          , Ur          , Ql^Ii       , Ur          , Ql          , Ur          , Uu          , Ur          , Ur          , Uu          , Xu          , Uu          , Uu          , Uu          , Uu          , Uu          , Uu          , Uu          , Uu          , Uu          , Uu          , Uu          , Xu          , Ql^Ii       , Ur          , Ur          , Xu          , Xu          , Ur          , Ur          , Ur          , Xu          , Xu          , Qxu         , Qxu         , Uu          , Uu          , Uu          , Uu          , Uu          , Uu          , Uu          , Uu          , Uu          , Uu          , Uu          , Uu          , Uu          , Uu          , Uu          , Uu          , Uu          , Uu          , Uu          , Uu          , Uu          , Xu          
Xu          , Ur          , Ql^Ii       , Ur          , Ur          , Ur          , Uu          , Uu          , Ur          , Uu          , Xu          , Uu          , Uu          , Uu          , Uu          , Uu          , Uu          , Uu          , Uu          , Uu          , Xu          , Xu          , Ql          , Ql^Ii       , Ur          , Xu          , Xu          , Xu          , Ur          , Ur          , Ur          , Xu          , Xu          , Xu          , Xu          , Qxu         , Qxu         , Uu          , Uu          , Uu          , Uu          , Uu          , Uu          , Uu          , Uu          , Uu          , Uu          , Uu          , Uu          , Uu          , Uu          , Uu          , Uu^Dr       , Uu          , Xu          , Uu^Vud      , Xu          
Xu          , Ur          , Ql          , Uh          , Uu          , Uu          , Uu          , Uu          , Uu          , Ur          , Ur          , Xu          , Uu          , Uu          , Uu          , Uu          , Uu          , Uu          , Uu          , Uu          , Xu          , Ql^Ii       , Ur          , Ur          , Xu          , Xu          , Uu^Dr       , Ur          , Ur          , Ur          , Ur          , Uu          , Uu          , Uu          , Uu^Dr       , Xu          , Qxu         , Uu          , Uu          , Uu          , Uu          , Uu          , Uu          , Uu          , Xu          , Uu          , Uu          , Uu          , Uu          , Xu          , Xu          , Xu          , Xu          , Xu          , Xu          , Xu          , Xu          
Xu          , Ur          , Ql^Ii       , Xu          , Uu          , Uu          , Uu          , Uu          , Uu          , Uu          , Ur          , Xu          , Xu          , Uu          , Uu          , Uu          , Uu          , Uu          , Uu          , Xu          , Ql^Ii       , Ql^Ii       , Ur          , Xu          , Uu^Dr       , Uu          , Ur          , Ur          , Ur          , Ur          , Ur          , Uu          , Uu          , Uu          , Uu          , Xu          , Xu          , Qxu         , Qxu         , Uu          , Uu          , Uu          , Uu          , Xu          , Xu          , Xu          , Uu          , Uu          , Uu          , Uu          , Uu          , Uu          , Uu          , Uu          , Uu          , Xu          , Xu          
Xu          , Ur          , Ql^Ii       , Xu          , Uu          , Uu          , Uu          , Uu          , Uu          , Uu          , Ur          , Xu          , Xu          , Uu          , Xu          , Uu          , Uu          , Uu          , Xu          , Xu          , Ql^Ii       , Ur          , Xu          , Xu          , Uu          , Uu^Dr       , Ur          , Ur          , Ur          , Ur          , Ur          , Uu^Dr       , Uu          , Uu          , Uu          , Uu          , Uu^Dr       , Xu          , Qxu         , Uu          , Uu          , Uu          , Xu          , Xu          , Xu          , Xu          , Uu          , Uu          , Uu          , Uu          , Uu          , Uu          , Uu          , Uu          , Uu          , Uu          , Xu          
Xu          , Ur          , Ql^Ii       , Xu          , Uu          , Uu          , Uu          , Uu          , Uu          , Uu          , Uu          , Ur          , Ur          , Xu          , Uu^Vud      , Xu          , Xu          , Uu          , Uh          , Xu          , Ql          , Ur          , Xu          , Uu^Dr       , Uu^Uf       , Uu^Uf       , Uu^Uf       , Ur          , Ur          , Ur          , Ur          , Ur          , Uu          , Uu          , Uu          , Uu          , Uu          , Xu          , Xu          , Qxu         , Xu          , Xu          , Xu          , Xu          , Uu          , Uu          , Uu          , Uu          , Uu          , Uu          , 1 Uu        , Uu          , Uu          , Uu          , Uu          , Uu          , Xu          
Xu          , Ur          , Ql^Ii       , Xu          , Uu          , Uu          , Uu          , Uu          , Uu          , Uu          , Uu          , Uu          , Uu          , Uh          , Qxu         , Qxu         , Qxu         , Xu          , Qxu         , Xu          , Ql^Ii       , Ur          , Xu          , Uu^Dr       , Uu^Uf       , Uh          , Uu^Uf       , Uu^Dr       , Ur          , Ur          , Ur          , Ur          , Uu          , Uu          , Uu          , Uu          , Uu          , Uu          , Xu          , Qxu         , Xu          , Xu          , Uu          , Uu          , Uu          , Uu          , Uu          , Uu          , Uu          , Uu          , Uu          , Uu          , Uu          , Uu          , Uu          , Uu          , Xu          
Xu          , Ur          , Ql^Ii       , Xu          , Xu          , Xu          , Xu          , Xu          , Xu          , Xu          , Xu          , Xu          , Xu          , Xu          , Xu          , Xu          , Xu          , Xu          , Xu          , Xu          , Ql          , Ur          , Xu          , Uu          , Uu^Dr       , Uu^Uf       , Ur^Dr       , Ur          , Ur          , Ur          , Uu          , Ur          , Uu          , Uu          , Uu          , Uu          , Uu          , Uu          , Xu          , Qxu         , Uu          , Uu          , Uu          , Uu          , Uu          , Uu          , Uu          , Uu          , Uu          , Uu          , Uu          , Uu          , Uu          , Uu          , Uu          , Uu          , Xu          
Xu          , Ur          , Ql          , Ql^Ii       , Ql          , Ql^Ii       , Ql^Ii       , Ql          , Ql^Ii       , Ql^Ii       , Ql          , Ql^Ii       , Ql^Ii       , Ql          , Ql^Ii       , Ql^Ii       , Ql^Ii       , Ql^Ii       , Ql          , Ql^Ii       , Ql^Ii       , Ur          , Uu          , Xu          , Xu          , Ur          , Ur          , Ur          , Uu          , Uu          , Rd          , Uu          , Uu^Dr       , Uu          , Xu          , Uu^Vu       , Xu          , Xu          , Uu^Vud      , Kud         , Cud         , Uu          , Uu          , Uu          , Uu          , Uu          , Uu          , Uu          , Uu          , Uu          , Uu          , Uu          , Uu          , Uu          , Uu          , Uu          , Xu          
Xu          , Ur          , Ur          , Ur          , Ur          , Ur          , Ur          , Ur          , Ur          , Ur          , Ur          , Ur          , Ur          , Ur          , Ur          , Ur          , Ur          , Ur          , Ur          , Ur          , Ur          , Ur          , Uu          , Uu^Vud      , Xu          , Xu          , Xu          , Uu          , Rd          , Rd          , Rd          , Rd          , Rd          , Xu          , Xu          , Xu          , Xu          , Xu          , Xu          , Xu          , Xu          , Uu          , Uu          , Uu          , Uu          , Uu          , Uu          , Uu          , Uu          , Uu          , Uu          , Uu          , Uu          , Uu          , Uu          , Uu          , Xu          
Xu          , Xu          , Xu          , Xu          , Xu          , Xu          , Xu          , Xu          , Xu          , Xu          , Xu          , Xu          , Xu          , Xu          , Xu          , Xu          , Xu          , Xu          , Xu          , Xu          , Xu          , Xu          , Xu          , Xu          , Xu          , Xu          , Xu          , Rd          , Rd          , Rd          , Rd          , Rd          , Rd          , Xu          , Xu          , Xu          , Xu          , Xu          , Xu          , Xu          , Xu          , Xu          , Xu          , Xu          , Xu          , Xu          , Xu          , Xu          , Xu          , Xu          , Xu          , Xu          , Xu          , Xu          , Xu          , Xu          , Xu          
