border_size=1
usage=map

Gg          , Gg          , Gs^Fp       , Gs^Fp       , Gs^Fp       , Gg          , Gg          , Gg          , Gg          , Hh          , Mm          , Hh          , Gs^Fp       , Gs^Fp       , Gs^Fp       , Gg          , Ds          , Re          , Re          , Gg          , Gs^Fp       , Gs^Fp       , Gs^Fp       , Gs^Fp       , Gs^Fp       , Gs^Fp       , Gs^Fp       , Gg          , Gg          , Gg          , Gg          , Gg          , Gg          , Gs^Fp       , Gg          , Gs^Fp       , Gs^Fp       , Gs^Fp       
Gg          , Gs^Fp       , Gs^Fmf      , Gs^Fp       , Gs^Fp       , Gs^Fmf      , Gs^Fp       , Gg          , Gg          , Hh          , Hh          , Gs^Fp       , Gs^Fp       , Gg          , Ss          , Gs^Fp       , Gs^Fp       , Re          , Gg          , Gg          , Gs^Fp       , Gs^Fp       , Gg          , Gg          , Gg          , Gg          , Gg          , Gs^Fp       , Gs^Fp       , Gs^Fp       , Gg          , Gg          , Gg          , Gg          , Gg          , Gs^Fp       , Gs^Fp       , Gs^Fp       
Gs^Fp       , Gs^Fp       , Rr          , Gs^Fp       , Gs^Fp       , Rr          , Rr          , Gs^Fp       , Gs^Fp       , Gg          , Gg          , Gs^Fp       , Gs^Fp       , Gg          , Ss          , Ss^Vm       , Gs^Fp       , Re          , Gg          , Gg          , Gg          , Gg          , Gg          , Gs^Fmf      , Gg          , Gg          , Gg          , Gg          , Gs^Fp       , Gg^Vh       , Gg          , Gg          , Gg          , Gg          , Gg          , Gg          , Gs^Fp       , Gs^Fp       
Gs^Fp       , Rr          , Ch          , Ch          , Ch          , Ch          , Ch          , Rr          , Gs^Fp       , Gg          , Gg          , Gg          , Gs^Fp       , Gs^Fp       , Gs^Fmf      , Ss          , Gs^Fp       , Re          , Gg          , Gg          , Gg          , Gg          , Gg          , Gg          , Gg          , Gg          , Gg          , Gg          , Gg          , Gs^Fmf      , Gg          , Gg          , Gg          , Gg          , Gg          , Gs^Fmf      , Gs^Fp       , Gs^Fp       
Gs^Fp       , Rr          , Ch          , Ch          , Kh          , Ch          , Ch          , Rr          , Gs^Fp       , Gg          , Gs^Fmf      , Gs^Fmf      , Gs^Fp       , Gs^Fp       , Gs^Fp       , Gs^Fp       , Gs^Fmf      , Re          , Gg^Vh       , Gg          , Re          , Gg          , Gg          , Ss          , Re          , Gg          , Re          , Gg          , Gg          , Gg          , Gg          , Gg          , Gg          , Gg          , Gg          , Gg          , Gg          , Gg          
Gs^Fp       , Rr          , Rr          , Ch          , Ch          , Ch          , Rr          , Rr          , Gs^Fmf      , Gs^Fmf      , Gs^Fp       , Gs^Fp       , Gs^Fp       , Gs^Fp       , Gg          , Gg          , Re          , Re          , Re          , Re          , Gg          , Re          , Re          , Re          , Gg          , Re          , Gg          , Re          , Re          , Gg          , Gg          , Gg          , Gg          , Gg          , Gg          , Gg          , Gs^Fp       , Gg          
Gg          , Gs^Fp       , Gs^Fp       , Rr          , Rr          , Rr          , Rr          , Gs^Fp       , Gs^Fp       , Gs^Fp       , Rr          , Rr          , Rr          , Gs^Fp       , Re          , Re          , Gg          , Gg          , Gg          , Gg          , Gg          , Gg          , Gg          , Gg          , Gg          , Gg          , Gg          , Ss          , Ss          , Re          , Re          , Gg          , Ds          , Ds          , Gg          , Gg          , Gg^Vl       , Gs^Fp       
Gg          , Gg          , Gs^Fmf      , Gs^Fp       , Gs^Fp       , Gs^Fp       , Gs^Fp       , Rr          , Rr          , Rp^Vhc      , Hh          , Hh          , Gs^Fp       , Rr          , 1 Re        , Gg          , Gg          , Gg          , Gg          , Gs^Fp       , Gs^Fp       , Gg          , Gg^Vh       , Gg          , Ss          , Ss          , Ss          , Ss          , Gg          , Gg          , Re          , Gg          , Gg          , Ds          , Ds          , Gs^Fp       , Gs^Fmf      , Gs^Fp       
Gg          , Gg          , Ss          , Gs^Fp       , Gs^Fp       , Gs^Fp       , Gs^Fp       , Gs^Fp       , Gs^Fp       , Hh          , Mm          , Mm          , Hh          , Gs^Fp       , Re          , Gg          , Gg          , Gg          , Gs^Fp       , Gs^Vht      , Gs^Fp       , Gg          , Gg          , Gg          , Ss          , Ss          , Gg          , Ss          , Gg          , Gg          , Re          , Gg          , Gg          , Gs^Fp       , Gs^Fp       , Gs^Fp       , Gs^Fp       , Gg          
Gg          , Gg          , Ss          , Gs^Fp       , Gs^Fp       , Gs^Fp       , Gs^Fp       , Gs^Fp       , Hh          , Mm          , Mm          , Mm          , Hh          , Gs^Fp       , Re          , Gg          , Gg          , Gg          , Gs^Fp       , Gs^Fp       , Gs^Fp       , Gg          , Gg          , Ds          , Ss          , Ss          , Gg          , Ss          , Gg          , Gg          , Gg          , Re          , Re          , Gs^Fp       , Gs^Fp       , Gs^Fp       , Gg          , Gg          
Hh          , Gg          , Gg          , Gs^Fp       , Gs^Fmf      , Gs^Fp       , Gs^Fmf      , Gs^Fmf      , Hh          , Hh          , Mm          , Mm          , Hh          , Hh          , Re          , Gg          , Gg          , Gg          , Gg          , Gs^Fmf      , Gg          , Gg          , Gg          , Ss          , Ds          , Ss          , Ss          , Ss          , Gg          , Gg          , Gg          , Gg          , Gg^Vh       , Re          , Gs^Fp       , Gs^Fmf      , Gg          , Gg          
Hh          , Hh          , Hh          , Gg          , Gg          , Gs^Fmf      , Gg          , Gg          , Gg          , Hh          , Hh          , Hh          , Hh          , Gg          , Re          , Gs^Fp       , Gg          , Gg          , Gg          , Gg          , Gg          , Gg          , Ds          , Ds          , Ds          , Ds          , Ds          , Gg          , Gg          , Gg          , Gg          , Gg          , Gg          , Re          , Re          , Gg^Vh       , Gg          , Gg          
Hh          , Hh^Vhh      , Hh          , Hh          , Gg          , Ss          , Gg          , Gg          , Gg          , Gg          , Gg          , Gg          , Re          , Re          , Gs^Vht      , Gs^Fp       , Gs^Fmf      , Gg          , Gg          , Gg          , Gg          , Gg          , Gg          , Ds          , Ds          , Ds          , Gg          , Gg          , Gg          , Gg          , Gg          , Gg          , Gg          , Gg          , Re          , Gg          , Ww          , Ds          
Gs^Fp       , Gg          , Hh          , Hh          , Hh          , Gg          , Gg          , Gg          , Ss          , Ss          , Gg          , Gg          , Re          , Gs^Fp       , Gs^Fp       , Gs^Fp       , Gs^Fp       , Gg          , Gg          , Ww          , Ww          , Gg          , Ds          , Ds          , Gg          , Gg          , Gg          , Gg          , Gs^Fmf      , Gg          , Gs^Fp       , Gg          , Gg          , Gg          , Re          , Ww          , Ww          , Ww          
Gs^Fp       , Gs^Fmf      , Gg          , Hh          , Gg          , Gg          , Gg          , Gg          , Gg          , Ss          , Gg          , Gg          , Re          , Gg          , Gs^Fp       , Gg          , Gg          , Gg          , Gg          , Ww          , Ww          , Ww          , Ww          , Ww          , Gg          , Gg          , Gg          , Gg          , Gs^Fp       , Gs^Fp       , Gs^Fp       , Gs^Fp       , Gg          , Gg          , Re          , Ww          , Ww          , Ww          
Gg          , Gg          , Gg          , Gg          , Gg          , Gg          , Gg          , Gg          , Gg          , Ss          , Gg          , Gg          , Re          , Gg          , Gg          , Ds          , Gg          , Gg          , Gg          , Gg          , Gg          , Gg          , Ww          , Ww          , Gg          , Gg^Vh       , Gg          , Gg          , Gs^Fp       , Gs^Fp       , Gs^Fp       , Gs^Fp       , Gs^Fp       , Gg          , Gg          , Ww          , Ww          , Gg          
Gg          , Gg          , Gg          , Gg          , Gg^Vh       , Gg          , Gg          , Gg          , Gg          , Ss          , Gg          , Gg          , Gg          , Re          , Ds          , Ds          , Ds          , Gg          , Gg          , Gg          , Gg          , Gg          , Ww          , Ww          , Gg          , Gg          , Gg          , Gg          , Gs^Fp       , Gs^Fp       , Gs^Fp       , Hh          , Gs^Fmf      , Gg          , Gg          , Ww          , Re          , Gg          
Gg          , Ds          , Gg          , Gg          , Gg          , Gg          , Gg          , Gg          , Hh          , Ss          , Gg          , Gg          , Gg          , Re          , Ds          , Ds          , Ds          , Gs^Fp       , Gg          , Gg          , Gg          , Gg          , Gg          , Ww          , Ww          , Gg          , Gg          , Gg          , Gs^Fp       , Gg^Vl       , Hh          , Hh          , Hh          , Hh          , Gg          , Ww          , Re          , Gg          
Gs^Fp       , Gg          , Gg          , Gg          , Gg          , Gg          , Gg          , Hh          , Hh          , Ss          , Gg          , Gg          , Gg^Vh       , Re          , Ds          , Gg          , Gg          , Gs^Fp       , Gs^Fp       , Gg          , Gg          , Gg          , Gg          , Ww          , Ww          , Gg          , Gg          , Gg          , Gg          , Hh          , Mm          , Mm          , Mm          , Mm          , Gg          , Ww          , Re          , Gg          
Gg          , Gg          , Gg          , Gg          , Gg          , Gg          , Hh          , Hh          , Hh          , Gg          , Gg          , Gg          , Re          , Re          , Gg          , Gg          , Gs^Fp       , Gs^Fp       , Gs^Vht      , Gs^Fp       , Gs^Fmf      , Gg          , Gg          , Ww          , Ww          , Ww          , Gg          , Gg          , Gg          , Mm          , Mm          , Mm          , Mm          , Mm          , Ww          , Ww          , Re          , Gg          
Gs^Fmf      , Gs^Fp       , Gg          , Gg          , Gg          , Hh          , Hh          , Hh          , Gg          , Gg          , Gg          , Gg          , Re          , Gg          , Gg          , Gg          , Gs^Fp       , Gs^Fp       , Gs^Fp       , Gs^Fp       , Gs^Fp       , Gg          , Gg          , Ww          , Ww          , Gg          , Gg          , Gg          , Gg          , Hh          , Mm          , Mm          , Mm          , Mm          , Mm          , Ww          , Gg          , Re          
Gs^Fmf      , Gs^Fp       , Gg          , Gg          , Gg          , Hh          , Hh          , Hh          , Gs^Fp       , Gs^Fp       , Gs^Fp       , Gg          , Re          , Gg          , Gs^Fmf      , Gs^Fp       , Gs^Fp       , Hh          , Hh          , Gs^Fp       , Gs^Fp       , Gg          , Gg          , Ww          , Gg          , Gg          , Gg          , Gs^Fp       , Gg          , Hh          , Mm          , Mm          , Mm          , Mm          , Mm          , Hh          , Gg          , Re          
Hh          , Gs^Fp       , Gg          , Hh          , Hh          , Hh          , Gg          , Hh          , Gs^Fp       , Gs^Fp       , Gs^Fp       , Gg          , Re          , Gg          , Gs^Fp       , Hh          , Hh          , Hh          , Hh          , Hh          , Gg          , Gg          , Gg          , Gg          , Gg          , Gg          , Gs^Fp       , Gs^Fp       , Gg          , Gg          , Hh          , Mm          , Mm          , Hh          , Hh          , Gg          , Gg          , Re          
Hh          , Hh          , Gg          , Gg          , Hh          , Gg          , Gg          , Gs^Fp       , Gs^Fp       , Gs^Fp       , Gs^Fp       , Gg          , Re          , Gg          , Hh          , Hh          , Hh          , Hh          , Hh          , Gg          , Gg          , Gg          , Gg          , Gg          , Gg          , Gs^Fp       , Gg^Vl       , Gs^Fp       , Gg          , Gg          , Hh          , Hh          , Hh          , Hh          , Hh          , Gg          , Gg          , Re          
Gs^Fp       , Hh          , Hh          , Ww          , Ww          , Gg          , Hh          , Hh          , Gs^Fmf      , Gg          , Gg          , Gg          , Re          , Hh          , Hh          , Hh          , Gg          , Gg          , Gg^Vh       , Gg          , Ww          , Ww          , Gg          , Gg          , Gg          , Gs^Fp       , Gs^Fp       , Gs^Fp       , Gs^Fp       , Gg          , Gg          , Gg          , Hh          , Hh          , Gg          , Gg          , Gg          , Re          
Gs^Fp       , Hh          , Hh          , Ww          , Ww          , Ww          , Hh          , Gg          , Gg          , Gg          , Gg          , Gg          , Re          , Ww          , Ww          , Gg          , Gg          , Gg          , Gg          , Gg          , Gg          , Ww          , Gg          , Gg          , Gg          , Gs^Fp       , Gs^Fp       , Gs^Fp       , Gs^Vht      , Gs^Fmf      , Gs^Fp       , Hh          , Hh          , Gs^Fp       , Gg          , Gg          , Gg          , Re          
Gg          , Hh          , Hh          , Ww          , Ww          , Ww          , Ww          , Gg          , Gg          , Gg          , Re          , Re          , Gg^Vh       , Ww          , Gg          , Gg          , Gg          , Gg          , Gg          , Gg          , Gg          , Gg          , Gg          , Gg          , Gg          , Gs^Fp       , Gs^Fp       , Gs^Fp       , Gs^Fp       , Gs^Fp       , Hh          , Hh          , Hh          , Gs^Fp       , Gg          , Gg          , Gg          , Ds          
Gg          , Hh          , Hh          , Mm          , Ww          , Ww          , Hh          , Hh          , Gg          , Gg^Vh       , Re          , Gg          , Gg          , Gg          , Gg          , Gg          , Gg          , Gs^Fp       , Gs^Fp       , Gs^Fp       , Gg          , Gg          , Ss          , Ss          , Gg          , Gg          , Gs^Fmf      , Gs^Fp       , Gs^Fp       , Gs^Fp       , Gs^Fp       , Hh          , Rr          , Gs^Fmf      , Gg          , Gg          , Gg          , Gg          
Hh          , Hh          , Mm          , Hh          , Hh          , Hh          , Hh          , Gg          , Gg          , Gg          , Re          , Gg          , Gg          , Hh          , Hh          , Gg          , Gg          , Gs^Fp       , Gs^Vht      , Gs^Fp       , Gs^Fp       , Gg          , Ss          , Ss          , Gg          , Gg          , Gg          , Gg^Vl       , Gs^Fp       , Gs^Fp       , Rr          , Rr          , Rr          , Rr          , Rr          , Gg          , Gg          , Gg          
Mm          , Mm          , Mm          , Mm          , Hh          , Hh          , Ww          , Ww          , Gg          , Gg          , Re          , Gg          , Hh          , Hh          , Hh          , Gg          , Gs^Fp       , Gs^Fp       , Gs^Fp       , Gs^Fp       , Gg          , Gg          , Ss          , Gg          , Gg          , Gg          , Gg          , Gg          , Rr          , Rr          , Ww          , Ww          , Ww          , Ww          , Ww          , Rr          , Rp^Vhc      , Gs^Fp       
Mm          , Mm          , Mm          , Hh          , Hh          , Hh          , Hh          , Ww          , Gg          , Gg          , Re          , Gg          , Hh          , Hh          , Hh          , Gg          , Gg          , Gg          , Gs^Fp       , Gg          , Ds          , Gg          , Ss          , Gg          , Gg          , Gg          , Gg          , Rr          , Rr          , Ww          , Ch          , Ch          , Ch          , Ch          , Ch          , Ww          , Rr          , Gs^Fp       
Mm          , Mm          , Mm          , Mm^Vhh      , Hh          , Hh          , Hh          , Hh          , Gg^Vh       , Re          , Gg          , Gs^Fp       , Hh          , Hh          , Hh          , Gg          , Gg          , Gg          , Gg          , Ds          , Ds          , Gg          , Gg          , Gg          , Gg          , Gg          , Gg          , Rr          , Rp^Vhc      , Ww          , Ch          , Kh          , Ch          , Kh          , Ch          , Ww          , Rr          , Gs^Fp       
Mm          , Mm          , Mm          , Mm          , Hh          , Hh          , Gg          , Gg          , Gg          , Re          , Gs^Fp       , Gs^Fp       , Gg          , Hh          , Gg          , Gg          , Gg          , Gg          , Gg          , Ds          , Ds          , Ds          , Gg          , Gg          , Gg          , Ss          , Gg          , Rr          , Rr          , Ww          , Ww          , Ch          , Ch          , Ch          , Ww          , Ww          , Rr          , Gs^Fp       
Mm          , Mm          , Mm          , Mm          , Mm          , Mm          , Mm          , Gg          , Gs^Fmf      , Re          , Re          , Gs^Fmf      , Gs^Fp       , Gs^Fp       , Gg          , Gg          , Ww          , Ww          , Gg          , Ds          , Ds          , Ds          , Ds          , Ds          , Ds          , Ss          , Ds          , Rr          , Rr          , Rr          , Rr          , Ww          , Ww^Bw|      , Ww          , Rr          , Rp^Vhc      , Rr          , Gs^Fmf      
Mm          , Mm          , Mm          , Mm          , Mm          , Mm          , Mm          , Mm          , Hh          , Gs^Fp       , Re          , Gs^Fp       , Gs^Vht      , Gs^Fp       , Gg          , Gg          , Ww          , Ww          , Gg          , Ds          , Ds          , Ds          , Ds          , Ds          , Ds          , Ds          , Ds          , Ds          , Ds          , Rr          , Rr          , Rr          , Rr          , Rr          , Rr          , Rr          , Gg          , Gg          
Mm          , Hh          , Mm          , Mm          , Mm          , Mm          , Mm          , Mm          , Hh          , Gs^Fp       , Re          , Gg          , Gs^Fp       , Gs^Fp       , Gg          , Ww          , Ww          , Ww          , Gg          , Ds          , Ds          , Ds          , Gs^Fmf      , Gg          , Gg          , Gg          , Gg          , Gg          , Gs^Fp       , Gs^Fmf      , Ss          , Rr          , Rr          , Rr          , Gs^Fp       , Gs^Fmf      , Gg          , Gg          
Mm          , Mm          , Mm          , Mm          , Mm          , Mm          , Mm          , Mm          , Hh          , Gs^Fp       , Gg          , Re          , Gs^Fp       , Gs^Fp       , Gg          , Gg          , Ww          , Ww          , Gg          , Gg          , Gg          , Gs^Fp       , Gg          , Gg          , Gg          , Gg          , Gg          , Gg          , Gs^Fp       , Gs^Fp       , Gs^Fp       , Gg          , Gg          , Gg          , Gs^Fp       , Gs^Fp       , Gg          , Gg          
