border_size=1
usage=map

Mm          , Mm          , Mm          , Mm          , Mm          , Mm          , Ha^Fpa      , Mm          , Mm          , Hh          , Hh          , Hh          , Hh          , Re          , Re          , Gg          , Gg          , Gg          , Gg          , Gg          , Rd          , Rd          , Rd          , Xu          , Uh^Fdw      , Uh          , Uh          , Uh          , Uh          , Uh          , Uh          , Xu          
Mm          , Mm          , Mm          , Mm          , Mm          , Mm          , Mm          , Mm          , Ha^Fma      , Hh          , Hh^Fdw      , Hh^Fdw      , Hh          , Hh^Fdw      , Re          , Gg          , Gg          , Gg          , Gg          , Gs^Fdf      , Gs^Fmw      , Gs^Fdf      , Gs^Fmw      , Rd          , Uh          , Rd          , Uh          , Uh          , Re          , Uh          , Re          , Uh          
Mm          , Mm          , Mm          , Mm          , Mm          , Mm          , Mm          , Ha^Fpa      , Hh          , Hh          , Hh          , Hh          , Hh          , Ha^Fma      , Re          , Gg          , Gg          , Gg          , Gs^Fdw      , Gg          , Gg          , Gg          , Gs^Fdw      , Gs^Fdw      , Rd          , Rd          , 1 Re        , Re          , Uh          , Re          , Ww          , Re          
Ww          , Mm          , Ww          , Ai          , Ww          , Mm          , Mm          , Mm          , Hh          , Aa^Fda      , Aa^Fma      , Aa^Fda      , Gg          , Gg          , Re          , Re          , Re          , Gg          , Gs^Fdf      , Gg^Vo       , Re          , Gg^Fdw      , Rd          , Rd          , Re          , Re          , Gs^Fdw      , Uh          , Uh^Fdw      , Ww          , Ww          , Ww          
Mm          , Ww          , Ww          , Ww          , Ha^Voa      , Ww          , Ha^Voa      , Mm          , Hh          , Aa^Fda      , Aa^Fma      , Aa^Fda      , Re          , Re          , Re          , Gs          , Gg          , Re          , Re          , Re          , Gg          , Re          , Re          , Re          , Ggf         , Rd          , Rd^Fdw      , Uh          , Ww          , Ww          , Xu          , Ww          
Mm          , Mm          , Mm          , Ha          , Ha^Fda      , Ww          , Aa          , Mm          , Ha          , Hh          , Aa^Fda      , Hh          , Co          , Co          , Co          , Re          , Gs          , Gs          , Gs^Fmw      , Gs^Fmf      , Gg          , Gg          , Gs^Fmf      , Rd          , Gg^Vo       , Ww          , Ww          , Ww          , Hh^Fdw      , Ww          , Ww          , Ww          
Mm          , Mm          , Mm          , Mm          , Mm          , Ww          , Ww          , Aa          , Ha          , Ha          , Ha          , Ha          , Co          , Ko          , Co          , Re          , Hh^Fmw      , Hh^Fmw      , Hh^Fmw      , Gs^Fmw      , Gs^Fmw      , Gs^Fdf      , Hh^Fmw      , Hh^Fmw      , Ww          , Ww          , Gg^Fdw      , Hh^Fdw      , Hh          , Hh          , Ai          , Ww          
Mm          , Mm          , Mm          , Aa          , Mm          , Mm          , Ai          , Mm          , Mm          , Ha          , Ww          , Hh          , Hh          , Co          , Gg          , Re          , Hh^Fmw      , Hh^Fmw      , Hh^Fmw      , Hh^Fmw      , Hh^Fmw      , Hh^Fmw      , Hh^Fmw      , Ww          , Ww          , Gg          , Hh          , Hh          , Hh          , Hh          , Hh          , Hh          
Mm          , Mm          , Mm          , Ha^Fpa      , Ha^Fpa      , Mm          , Ha^Fpa      , Ww          , Ai          , Ai          , Ww          , Hh^Fdw      , Ww          , Hh^Fmw      , Re          , Re          , Hh^Fmw      , Hh^Fmw      , Hh^Fmw      , Hh^Fdf      , Hh^Fmw      , Ww          , Ww          , Ww          , Gg          , Gg          , Hh          , Hh          , Hh          , Hh          , Hh          , Hh          
Mm          , Mm          , Mm          , Mm          , Mm          , Mm          , Mm          , Ww          , Mm          , Ai          , Ms          , Ww          , Ww          , Hh          , Re          , Hh^Fmw      , Ww          , Hh^Fmf      , Hh^Fmw      , Hh^Fmw      , Hh^Fmw      , Ww          , Gg          , Gg^Fdw      , Gg          , Hh^Fmw      , Hh          , Hh          , Hh          , Hh          , Ai          , Mm          
Mm          , Mm          , Mm          , Mm          , Mm          , Mm          , Mm          , Mm          , Mm          , Mm          , Mm          , Hh^Fdw      , Re          , Ww^Bw/      , Ww          , Ww          , Gs^Fmw      , Ww          , Ww          , Gg^Vo       , Ww          , Ww          , Gg          , Gg          , Hh^Vo       , Hh          , Hh          , Hh          , Hh          , Hh          , Hh          , Mm          
Mm          , Mm          , Mm          , Mm          , Mm          , Mm          , Aa          , Aa          , Mm          , Mm          , Re          , Re          , Hh^Fdw      , Ww          , Ww          , Hh^Fdw      , Hh          , Ww          , Ww          , Ww          , Gg^Fdw      , Gg^Fdw      , Gg          , Gg          , Hh          , Hh          , Hh          , Hh          , Hh          , Hh          , Mm          , Mm          
Mm          , Mm          , Mm          , Mm          , Ai          , Ai          , Aa          , Mm          , Mm          , Mm          , Re          , Mm          , Mm          , Hh^Vo       , Hh          , Hh          , Hh          , Hh          , Hh^Fdw      , Hh^Fdw      , Hh          , Hh          , Hh          , Hh          , Hh          , Hh          , Hh          , Hh          , Hh          , Ai          , Mm          , Mm          
Mm          , Mm          , Mm          , Mm          , Mm          , Aa          , Mm          , Mm          , Re          , Re          , Mm          , Re          , Re          , Mm          , Hh          , Hh          , Hh          , Hh          , Hh          , Hh          , Hh          , Hh          , Hh          , Hh          , Hh          , Hh          , Hh          , Hh          , Hh^Vo       , Mm          , Ha          , Mm          
Mm          , Mm          , Mm          , Mm          , Mm          , Mm          , Mm          , Mm          , Re          , Mm          , Mm          , Mm          , Mm          , Re          , Re          , Hh          , Hh          , Hh          , Hh          , Hh          , Hh          , Hh          , Hh          , Hh          , Hh          , Hh          , Ai          , Hh          , Mm          , Mm          , Ha          , Mm          
Mm          , Mm          , Mm          , Mm          , Mm          , Mm          , Mm          , Re          , Mm          , Mm          , Mm          , Mm^Xm       , Mm          , Mm          , Mm          , Re          , Re          , Hh          , Hh          , Hh^Vo       , Hh          , Hh          , Hh          , Hh          , Hh          , Ai          , Ai          , Mm          , Mm          , Mm          , Mm          , Mm          
Mm          , Mm          , Mm          , Mm          , Mm          , Mm          , Re          , Re          , Mm          , Mm          , Mm          , Mm          , Mm          , Mm          , Mm          , Mm          , Re          , Mm          , Mm          , Hh          , Ai          , Hh          , Ai          , Ai          , Ai          , Mm          , Mm          , Mm          , Mm          , Mm          , Mm          , Mm          
Mm          , Mm          , Mm          , Mm          , Re          , Re          , Mm          , Mm          , Mm          , Mm          , Mm          , Mm          , Mm          , Mm          , Mm          , Mm          , Re          , Mm          , Mm          , Mm          , Mm          , Mm          , Mm          , Mm          , Ha^Voa      , Mm          , Mm          , Mm          , Mm          , Mm          , Mm          , Mm          
Mm          , Mm          , Mm          , Mm          , Re          , Rd          , Mm          , Mm          , Mm          , Mm          , Mm          , Mm          , Mm          , Mm          , Mm          , Hh          , Re          , Mm          , Mm          , Mm          , Mm          , Mm          , Mm^Xm       , Mm          , Mm          , Mm          , Mm          , Mm          , Mm          , Mm          , Mm          , Mm          
Mm          , Mm          , Re          , Re          , Mm          , Mm          , Mm          , Mm          , Mm          , Mm          , Mm          , Mm          , Mm          , Ai          , Mm          , Hh^Vo       , Re          , Mm          , Mm          , Mm          , Mm          , Mm          , Mm          , Mm          , Ha          , Ha          , Mm          , Mm          , Mm          , Mm          , Mm          , Mm          
Mm          , Re          , Mm          , Mm          , Mm          , Mm          , Mm          , Ha          , Mm          , Mm          , Ha          , Mm          , Mm          , Mm          , Mm          , Mm          , Re          , Mm          , Mm          , Mm          , Mm          , Mm          , Mm          , Mm          , Mm          , Mm          , Mm^Xm       , Mm          , Mm          , Mm          , Mm          , Mm          
Re          , Re          , Mm          , Mm          , Mm          , Mm          , Mm          , Mm          , Mm          , Mm          , Mm          , Ha          , Ha          , Mm          , Mm          , Mm          , Mm          , Re          , Re          , Mm          , Mm          , Mm          , Mm          , Ha          , Mm          , Mm          , Mm          , Mm          , Mm          , Mm          , Re          , Re          
Mm          , Ha          , Ai          , Mm          , Ha          , Ha^Fda      , Ha          , Ha          , Mm          , Mm          , Mm          , Mm          , Mm          , Ha          , Ha          , Mm          , Mm          , Mm          , Re          , Hh^Vo       , Mm          , Ha          , Mm          , Mm          , Mm          , Mm          , Mm          , Mm          , Mm          , Mm          , Re          , Mm          
Mm          , Mm          , Mm          , Ai          , Aa          , Mm          , Mm          , Mm          , Mm          , Mm          , Mm          , Mm          , Mm          , Mm          , Mm          , Ha          , Mm          , Mm          , Re          , Mm          , Mm          , Mm          , Mm          , Mm          , Mm          , Mm          , Mm          , Mm          , Mm          , Mm          , Re          , Mm          
Mm          , Mm          , Mm          , Mm          , Mm          , Aa          , Mm          , Mm          , Mm          , Mm          , Mm          , Mm          , Mm          , Mm          , Mm          , Mm          , Mm          , Hh          , Re          , Mm          , Mm          , Ai          , Mm          , Mm          , Ha^Voa      , Mm          , Mm          , Ha          , Ha          , Mm          , Re          , Mm          
Mm          , Mm          , Mm          , Mm          , Mm          , Mm          , Mm          , Ha          , Ha          , Mm          , Mm          , Mm          , Mm          , Mm          , Mm          , Mm          , Mm          , Mm          , Re          , Mm          , Mm          , Mm          , Mm          , Ha          , Mm          , Mm          , Mm          , Mm          , Mm          , Mm          , Re          , Mm          
Mm          , Ha          , Mm          , Mm          , Mm          , Mm          , Mm          , Mm          , Mm          , Mm          , Mm          , Mm          , Ha^Voa      , Mm          , Mm          , Mm          , Mm          , Hh          , Re          , Mm          , Mm          , Mm          , Mm          , Mm          , Mm          , Mm          , Mm          , Mm          , Mm          , Mm          , Re          , Mm          
Ha          , Ha          , Ha          , Mm          , Mm          , Mm          , Mm          , Mm          , Mm          , Mm          , Mm          , Mm          , Mm          , Mm          , Mm          , Mm          , Mm          , Mm          , Hh          , Re          , Re          , Mm          , Mm          , Mm          , Mm          , Mm          , Co          , Co          , Co          , Mm          , Re          , Mm          
Mm          , Mm          , Mm          , Ha          , Ha          , Mm          , Ms          , Mm          , Mm          , Mm          , Mm          , Mm          , Mm          , Mm          , Mm          , Mm          , Mm          , Mm          , Mm          , Mm          , Mm          , Re          , Re          , Aa          , Re          , Ai          , Co          , 2 Ko        , Co          , Ha^Voa      , Re          , Mm          
Mm          , Mm          , Mm          , Mm          , Mm          , Ha          , Mm          , Mm          , Mm          , Mm          , Mm          , Mm          , Mm          , Mm          , Mm          , Mm          , Mm          , Mm          , Mm          , Mm          , Mm          , Hh          , Re          , Mm          , Mm          , Mm          , Mm          , Co          , Mm          , Re          , Mm          , Mm          
Mm          , Mm          , Mm          , Mm          , Mm          , Mm          , Mm          , Mm          , Mm          , Mm          , Mm          , Mm          , Mm          , Mm          , Mm          , Mm          , Mm          , Mm          , Mm          , Mm          , Mm          , Mm          , Re          , Mm          , Mm          , Mm          , Mm          , Mm          , Mm          , Re          , Re          , Mm          
