border_size=1
usage=map

Ww          , Gs^Fp       , Ss          , Ss          , Ss          , Ss          , Ss          , Ss          , Ss          , Gg          , Rd          , Ggf         , Ggf         , Ggf         , Ggf^Uf      , Hh^Fdw      , Hh^Fdw      , Hh^Fdw      , Ss          , Ss          , Ss          , Ss          , Ss          , Ss          , Ss          , Hh^Fdw      , Hh^Fdw      , Ss          
Ww          , Ww          , Ww          , Ss          , Ss          , Ss          , Ss          , Ss          , Ggf         , Gg^Vh       , Rd          , Ggf         , Ggf         , Ggf         , Ggf^Uf      , Hh^Fdw      , Hh          , Hh^Fdw      , Hh^Fdw      , Hh^Fdw      , Hh^Fdw      , Ss          , Ss          , Ss          , Ss          , Hh^Fdw      , Ss          , Ss          
Ww          , Ww^Vm       , Ww          , Ww          , Ss          , Ss          , Ss          , Ss          , Ss          , Ggf         , Ggf         , Rd          , Rd          , Ggf         , Ggf         , Ggf^Uf      , Hh          , Hh          , Hh          , Hh^Fdw      , Ss          , Ss          , Ss          , Ss          , Ss          , Ss          , Ss          , Hh^Fdw      
Ss          , Ss          , Ss          , Ss          , Ss          , Ss^Uf       , Ss^Uf       , Ss^Uf       , Hh^Fdw      , Hh^Fdw      , Hh^Fdw      , Ggf         , Rd          , Ggf         , Ggf         , Ggf         , Hh^Fdw      , Hh^Fdw      , Hh^Fdw      , Hh          , Hh^Uf       , Ss          , Ss          , Ss          , Ss          , Ss          , Hh^Fdw      , Ss          
Ss          , Ss          , Ss          , Ss          , Ss^Uf       , Hh^Uf       , Hh^Uf       , Hh^Uf       , Hh^Fdw      , Hh^Fdw      , Hh^Fdw      , Ggf         , Rd          , Ggf         , Ss          , Hh          , Hh^Fdw      , Hh          , Hh^Fdw      , Hh^Fdw      , Hh^Fdw      , Hh          , Chs         , Chs         , Chs         , Hh^Fdw      , Ss          , Ss          
Ss          , Ss          , Ss          , Ss          , Ss          , Hh^Uf       , Hh^Fdw      , Hh^Fdw      , Hh^Fdw      , Hh^Fdw      , Ss          , Ggf         , Rd          , Ggf         , Ss          , Ss          , Ss          , Hh          , Hh          , Hh^Fdw      , Hh^Fdw      , Hh          , Chs         , Khw         , Chs         , Hh^Fdw      , Hh^Fdw      , Hh^Fdw      
Ss          , Ss          , Ss          , Ss          , Ss          , Hh^Fdw      , Hh^Fdw      , Hh^Fdw      , Hh^Fdw      , Ss          , Ss          , Ggf         , Rd          , Ss          , Ss          , Ss          , Ss          , Ss          , Hh^Fdw      , Hh          , Hh          , Hh^Fdw      , Hh^Fdw      , Chs         , Hh          , Hh^Fdw      , Hh^Fdw      , Hh^Fdw      
Ss          , Ss          , Ss          , Ss          , Ss          , Hh^Fdw      , Ss          , Ss          , Ss          , Ss          , Ss          , Ss          , Rd          , Ss          , Ss          , Ss          , Ss          , Ss          , Ss          , Ss          , Ss          , Hh^Vo       , Ss          , Hh^Fdw      , Hh          , Hh^Fdw      , Hh^Fdw      , Hh^Fdw      
Ss          , Ss          , Ss          , Ss          , Ss          , Hh          , Hh          , Ss          , Ss          , Ss          , Ss          , Ss          , Ss          , Ss          , Ss          , Ss          , Ss          , Ss          , Ss          , Ss          , Ss          , Ss          , Ss          , Ss          , Hh          , Hh^Fdw      , Hh^Fdw      , Hh^Fdw      
Ss          , Ss          , Ss          , Ss          , Ss          , Ss          , Hh^Fdw      , Hh^Fdw      , Hh^Uf       , Ss          , Ss          , Ss          , Ss          , 1 Ss        , Ss          , Ss          , Ss          , Ss          , Ss          , Ss          , Ss          , Ss          , Ss          , Hh^Fdw      , Hh^Fdw      , Hh^Fdw      , Hh^Fdw      , Hh^Fdw      
Ss          , Ss          , Ss          , Ss          , Hh^Fdw      , Hh^Fdw      , Ww          , Hh^Fdw      , Hh          , Hh          , Hh^Fmf      , Hh          , Hh          , Ss          , Ss          , Ss          , Ss          , Ss          , Ss          , Ss          , Ss          , Ss          , Hh          , Hh          , Hh^Fdw      , Hh^Fdw      , Ss          , Ss          
Ss          , Ss          , Ss          , Ss          , Hh^Fdw      , Ww          , Ww^Vm       , Ww          , Ww          , Hh^Fp       , Ww          , Ww          , Ss          , Ww          , Ww          , Ss          , Ss          , Ss          , Ss          , Ss          , Hh^Fdw      , Hh          , Ss          , Hh^Fdw      , Ss          , Ss          , Ss          , Ss          
Ww          , Ss          , Ss          , Ss          , Hh^Fdw      , Ww          , Ww          , Ww          , Gg^Uf       , Ww          , Hh^Fdw      , Ww          , Ww          , Ww          , Ww          , Ss          , Ss          , Ss          , Ss          , Hh          , Hh          , Ss          , Ss^Vhs      , Ss          , Ss          , Ss          , Ss          , Ss          
Ss          , Ww          , Ww          , Ss          , Ww          , Ss          , Ww          , Ww^Uf       , Ww          , Hh          , Hh^Fdw      , Mm          , Ww          , Ww          , Hh^Fdw      , Ss          , Ss          , Ss          , Ss          , Hh^Fdw      , Ss          , Ss          , Ss          , Ss          , Ss^Uf       , Ss^Uf       , Ss^Uf       , Ss          
Ss          , Ss          , Ss          , Ww          , Ss          , Ss          , Ww          , Hh          , Hh          , Hh          , Hh^Fdw      , Hh^Fdw      , Ww          , Hh          , Hh          , Ss          , Ss          , Ss          , Hh          , Hh          , Ss          , Ss          , Ss          , Ss^Uf       , Ss^Uf       , Ss^Uf       , Ss^Uf       , Ss          
Ss          , Ss          , Ss          , Ss          , Hh          , Ss          , Ss          , Ww          , Ww          , Ss^Vhs      , Ww          , Ww          , Ww          , Hh^Fdw      , Hh^Fdw      , Hh          , Hh          , Hh          , Hh^Fdw      , Hh          , Ss          , Hh^Fdw      , Ss          , Ss^Uf       , Ss^Uf       , Ss^Uf       , Ss          , Ss          
Ss          , Ss          , Ss          , Hh          , Ss          , Ss          , Ss          , Hh^Fdw      , Ww          , Hh^Fdw      , Hh^Fdw      , Ww          , Hh^Fdw      , Hh^Fdw      , Hh^Fdw      , Hh^Fdw      , Hh^Fdw      , Re^Vct      , Hh          , Hh^Fdw      , Hh^Fdw      , Hh^Fdw      , Ss          , Ss          , Ss          , Ss          , Ss          , Ss          
Ss          , Ss          , Ss          , Ss          , Ss          , Ss          , Ss          , Ss          , Ss          , Ww          , Hh^Fdw      , Ww          , Ww          , Ww          , Hh          , Hh^Fdw      , Hh^Fdw      , Hh^Fdw      , Ww          , Hh          , Hh^Fdw      , Hh          , Ss          , Ss          , Ss          , Ss          , Ss          , Hh^Fdw      
Ss          , Ss          , Ss          , Ss          , Ss          , Ss          , Ss          , Ss          , Ss          , Ss          , Hh^Fdw      , Ww          , Ww          , Ww          , Hh^Fdw      , Ww          , Ss          , Ss          , Ss          , Hh          , Hh          , Hh^Fdw      , Hh          , Ss          , Ss          , Ss          , Ss          , Hh^Fdw      
Gg          , Gg^Uf       , Gg          , Ww^Vm       , Gg          , Ss          , Ss          , Ss          , Ss          , Ss          , Hh^Fdw      , Hh^Fdw      , Ww          , Hh^Fdw      , Hh^Fdw      , Ww          , Ss          , Ww          , Hh^Fdw      , Hh^Fdw      , Hh          , Ss          , Ss          , Ss          , Ss          , Ss          , Ss          , Ss          
Gg          , Gg          , Gg          , Re          , Ch          , Re          , Ss          , Ss          , Ss          , Ss          , Ss          , Hh^Fdw      , Hh^Fdw      , Hh^Fdw      , Hh^Fdw      , Ss          , Ww          , Hh^Fdw      , Hh          , Hh          , Chr         , Hh^Vo       , Hh          , Hh          , Hh          , Ss          , Ss          , Ss          
Gg          , Gg          , Hh          , Chr         , Khr         , Chr         , Ss          , Ww          , Ww          , Ss          , Ss          , Hh^Fdw      , Hh^Fdw      , Hh^Fdw      , Ww          , Ww          , Ww          , Hh^Fdw      , Hh          , Ch          , Kh          , Ch          , Hh          , Hh          , Hh          , Hh^Fdw      , Hh^Fdw      , Ss          
Ss          , Hh          , Mm          , Chr         , Ch          , Chr         , Ww          , Ww          , Ww          , Ww          , Ss          , Ss          , Ss          , Ww          , Ss          , Ss          , Ww          , Hh^Fdw      , Hh          , Chr         , Ch          , Chr         , Hh          , Hh          , Hh          , Hh          , Ss          , Ss          
Ss          , Ss          , Hh          , Hh          , Ss          , Ss          , Ww          , Ww          , Ww          , Ww          , Ss          , Ss^Vhs      , Ss          , Ss          , Ss          , Ss          , Ww          , Hh^Fdw      , Hh^Fdw      , Hh          , Hh          , Hh          , Hh          , Hh          , Hh          , Hh^Uf       , Ss          , Ss          
Ss          , Ss          , Ww^Vm       , Ss          , Ss          , Ss          , Ww          , Ww          , Ww          , Ss          , Gs^Fp       , Gs^Fp       , Ss          , Ss          , Ss          , Ss          , Ww          , Hh^Fdw      , Hh^Vc       , Hh^Fdw      , Hh^Fdw      , Hh^Fdw      , Ss          , Ss          , Hh          , Gg          , Gg          , Gg          
Ss          , Ss          , Ss          , Gs^Fp       , Ss          , Ss          , Ss          , Ss          , Ss          , Ss          , Gs^Fp       , Gs^Fp       , Gs^Fp       , Ss          , Ss          , Ss          , Ww          , Ww          , Hh^Fdw      , Hh^Fdw      , Hh^Fdw      , Hh^Fdw      , Ss          , Ss          , Hh          , Hh          , Gg          , Ww          
Ss          , Ss          , Ss          , Ss          , Ss          , Ss          , Gs^Fp       , Gs^Fp       , Gs^Fp       , Gs^Fp       , Gs^Fp       , Gs^Fp       , Gs^Fp       , Ss          , Ss          , Ss          , Ww          , Hh^Fdw      , Hh^Fdw      , Hh^Fdw      , Hh^Fdw      , Hh^Fdw      , Ss          , Ss          , Ss          , Hh          , Hh          , Ss          
