border_size=1
usage=map

Wwf         , Gg          , Ss          , Ss          , Ww          , Ww          , Ww          , Ss          , Ss          , Ss          , Ss          , Ss^Vm       , Gg          , Gg          , Re          , Re          , Ss          
Ss          , Ww          , Ww          , Ww          , Ss          , Ss          , Ss          , Ss          , Ss          , Ss          , Ss          , Gg          , Gs^Fp       , Re          , Gs^Fp       , Gg          , Ss          
Gg          , Gg          , Gg          , Ww          , Ss          , Ss          , Ss          , Ww          , Ss          , Ss          , Gg          , Gg          , Gs^Fp       , Re          , Gs^Fp       , Gs^Fp       , Gg          
Ss^Vhs      , Gg          , Gg          , Ww          , Ss          , Wwf         , Ss          , Ss          , Ss          , Gg          , Re          , Re          , Re          , Re          , Gs^Fp       , Gs^Fp       , Gs^Fp       
Ss          , Gg          , Wwf         , Ww          , Ko          , Ss          , Ss          , Ko          , Ss          , Ss          , Ww          , Gg          , Gg          , Gg          , Gg          , Gs^Fp       , Gg          
Ss          , Ss          , Ss          , Ww          , Ss          , Ss          , Re          , Re          , Khr         , Ko          , Ss          , Ww          , Ss          , Ss^Vhs      , Ss          , Gg          , Ss          
Ss          , Ww          , Ww          , Ss          , Ss          , Ss          , Re          , Hh          , Hh^Vo       , Hh          , Ko          , Ss          , Ww          , Ss          , Ss          , Ss          , Ss          
Ss          , Ss          , Ww          , Ss          , Ko          , Ss          , Re          , Hh          , Ss          , Hh          , Ss          , Ss          , Ss          , Ss          , Ww          , Ww          , Ss          
Gg^Vo       , Ss          , Ww          , Ss          , Ss          , Re          , Ss          , Ss          , Ss          , Ko          , Ss          , Ss          , Ww          , Ww          , Ss          , Ss          , Ss          
Gg          , Wwf         , Re          , Ss          , Ww          , Ss          , Ss          , Ss^Vm       , Ss          , Re          , Ss          , Ss          , Ww          , Ss          , Wwf         , Ss^Vm       , Ss          
Re          , Re          , Wwf         , Wwf         , Ss          , Ww          , Ww          , Re          , Re          , Re          , Re          , Ww          , Ss          , Ss          , Re          , Re          , Re          
Gg          , Gg          , Ss          , Ss          , Ss          , Ss          , Ww          , Ss          , Ss          , Re          , Wwf         , Wwf         , Ss          , Ss          , Ss          , Ss          , Ss          
Gs^Fp       , Gg          , Wwf         , Ss          , Wwf         , Ss          , Ss          , Ww          , Ww          , Ww          , Ss          , Wwf         , Wwf         , Wwf         , Ss          , Re          , Ss          
Gg          , Gg          , Ss          , Ss          , Wwf         , Ss          , Ss          , Ww          , Wo          , Ww          , Wwf         , Ss          , Wwf         , Wwf         , Ss          , Ss          , Ss          
Gs^Fp       , Gg          , Wwf         , Ss          , Ss          , Ss          , Ww          , Ww          , Ww          , Wwf         , Ss          , Ss          , Chs         , Chs         , Chr         , Ss          , Gg          
Gs^Fp       , Gg          , Gg          , Ss          , Ss          , Ss          , Ww          , Wo          , Ww          , Ss          , Ss          , Chr         , Chw         , Khs^Cov     , Chw         , Chs         , Gg          
Gs^Fp       , Gg          , Re          , Ss          , Ss          , Ss          , Ww          , Wo          , Ww          , Ss          , Ss          , Ss          , Ss          , Ss          , Ss          , Ss          , Gg          
Gs^Fmw      , Ss          , Ss          , Ss          , Ss          , Ss          , Ww          , Ww          , Ww          , Ss          , Ss          , Ss          , Ggf         , Ss          , Ggf         , Ss          , Ss          
Gs^Fdw      , Gs^Fmw      , Re          , Ss          , Ss          , Ss          , Wwf         , Ww          , Ww          , Ss          , Ss          , Ss          , Ggf         , Ggf         , Ggf         , Ss          , Ss          
Ss          , Gs^Fdw      , Gs^Fdw      , Ss          , Ss          , Ss          , Ss          , Wwf         , Ww          , Ss          , Ss          , Ss          , Ggf         , Re          , Re          , Ss          , Ss          
Ss          , Gs^Fdw      , Gs^Fmw      , Ss          , Ss          , Ss          , Wwf         , Ss          , Ww          , Ww          , Ss          , Ss          , Gs^Fdw      , Re          , Ss          , Ss          , Ss          
Ss          , Ss          , Ss          , Ss          , Ss          , Ss          , Wwf         , Ss          , Ww          , Ww          , Ss          , Ss          , Re          , Ggf^Fdw     , Ss          , Ss          , Ss          
Ss          , Ss          , Ss          , Ss          , Ss          , Ss          , Wwf         , Ss          , Ww          , Ww          , Ss          , Ss          , Ggf         , Ss^Fdw      , Ss          , Ss          , Ss          
Ss          , Ss          , Ss          , Ss          , Ss          , Ss          , Wwf         , Ss          , Ww          , Ww^Fdw      , Ss          , Ss          , Ss          , Re^Fdw      , Ss          , Ss          , Ss          
Ss          , Ss          , Ss          , Ss          , Ss          , Ss          , Ss          , Ss          , Ww          , Ss          , Ss          , Ss          , Re          , Ss^Fdw      , Ss          , Ss          , Ss          
Ss          , Ss          , Ss          , Ss          , Ss          , Ss          , Ss          , Ss          , Ww^Fdw      , Ss          , Ss          , Ss          , Ss          , Ggf^Fdw     , Ss          , Wwf         , Wwf         
Ss          , Ss          , Ss          , Ss          , Ss          , Ss          , Ss          , Gs^Fdw      , Gs^Fdf      , Ss          , Ss          , Ss          , Ss          , Re          , Ss          , Ss          , Wwf         
Ss          , Ss          , Ss          , Wwf         , Ss          , Ss          , Ss          , Gs^Fdw      , Ww^Fdw      , Gs^Fdf      , Ss          , Ss          , Ss          , Re          , Ss          , Ss          , Wwf         
Ss          , Ss          , Ss          , Wwf         , Ss          , Ss          , Ss          , Ss          , Ww          , Gs^Fdw      , Ss          , Re          , Re          , Ss          , Ss          , Ss          , Ss          
Ss          , Ss          , Ss          , Gs^Fdw      , Ss          , Ss          , Ss          , Ss          , Ww          , Ss          , Ss          , Ss          , Ss^Fdw      , Ggf         , Ss          , Ss          , Ss          
Ss          , Ss          , Gs^Fdw      , Gs^Fdw      , Ss          , Ss          , Ss          , Ww          , Ww^Fdw      , Ss          , Ss          , Ss          , Ss^Fdw      , Gs^Fdw      , Ss          , Ss          , Ss          
Ss          , Ss          , Ss          , Ss          , Ss          , Ss          , Ww          , Ww          , Gs^Fdf      , Gs^Fdw      , Ss          , Ss          , Ss^Fdw      , Re          , Ss          , Ss          , Ss          
Ss          , Ss          , Ss          , Ss          , Ww          , Ww          , Ss          , Ss          , Gg          , Gg          , Ss          , Ss          , Ss^Fdw      , Gs^Fdw      , Ss          , Ss          , Ss          
Ss          , Ss          , Ss          , Ss          , Ww          , Gs^Fdw      , Ss          , Ss          , Ww^Fdw      , Ss          , Ss          , Ss          , Ss^Fdw      , Re          , Re          , Ss          , Ss          
Gs          , Gs          , Ss          , Ww          , Ss          , Ss          , Ww          , Ww          , Ss          , Ss          , Ss          , Ss          , Gs^Fdw      , Re          , Ss          , Ss          , Ss          
Gs          , Gs          , Ss          , Ww          , Ss          , Ss          , Ww          , Ww          , Ss          , Ss          , Ss          , Gs^Fdw      , Gs^Fdw      , Re          , Ss          , Ss          , Ss          
Gs          , Gs          , Ss          , Ww          , Ss          , Ss          , Ww          , Ss          , Ggf         , Gs          , Hh^Fdf      , Hh^Fdw      , Gs^Fdw      , Re          , Gs^Fdw      , Ss          , Ss          
Ss          , Ss          , Ww          , Ww          , Ss          , Ss          , Ww          , Ss          , Gs^Fdw      , Hh^Fdf      , Hh^Fdw      , Hh^Fdw      , Gs^Fdw      , Re          , Gs^Fdw      , Ss          , Ss          
Ss          , Ss          , Ww          , Ss          , Ggf         , Ss          , Ww          , Ss          , Ss          , Gs^Fdw      , Gs^Fdw      , Gs^Fdw      , Re          , Re          , Re          , Ss          , Ss          
Ss          , Ss          , Ww          , Ss          , Ss          , Ss          , Ww          , Gs^Fdw      , Gs^Fdw      , Ss          , Ss          , Gs^Fdf      , Re          , Gs^Fdw      , Re          , Ss          , Ss          
Ss          , Ww          , Ss          , Ss          , Ww          , Ss          , Ww          , Ww          , Gs^Fdw      , Ss          , Ss          , Gs^Fdw      , Ss          , Re          , Ss          , Ss          , Ss          
Ss          , Ww          , Ww          , Gs^Fdw      , Ww^Bw\      , Ww          , Ww          , Ww^Fdw      , Ss          , Ss          , Ss          , Ss          , Ss          , Re          , Ss          , Ss          , Ss          
Ss          , Ss          , Ww          , Ww          , Ww          , Ww          , Ww          , Ww^Fdw      , Gs^Fdw      , Ss          , Ss          , Ss          , Ss          , Re          , Ss          , Ss          , Ss          
Ww          , Ww          , Ww          , Ww          , Ww          , Ww          , Ww          , Gs^Fdw      , Gs^Fdw      , Ss          , Ss          , Ss          , Ss          , Re          , Ss          , Ss          , Ss          
Ww          , Ww          , Ww          , Ww          , Ww          , Ww          , Ww^Fdw      , Ww^Fdw      , Gs^Fdw      , Gs^Fdw      , Ss          , Ss          , Ss          , Re          , Ss          , Ss          , Gs^Fdw      
Ww          , Ww          , Ww          , Ww          , Ww          , Ww          , Gs^Fdw      , Gs^Fdw      , Chs         , Chs         , Chs         , Ss          , Ss          , Wwf         , Re          , Re^Fdw      , Gs^Fdf      
Ss          , Ww          , Ww          , Ww          , Gs^Fdw      , Gs^Fdw      , Gs^Fdw      , Ss          , Chs         , Ww          , Chs         , Ss          , Ss          , Ss          , Re          , Gs^Fdf      , Gs^Fdw      
Ss          , Ww          , Ww          , Ww          , Gs^Fdw      , Gs^Fdw      , Ss          , Ss          , Re^Fdw      , Chs         , Re^Fdw      , Re^Fdw      , Re^Fdw      , Re^Fdw      , Re          , Re^Fdw      , Gs^Fdw      
Ss          , Ss          , Ww          , Ww          , Gs^Fdw      , Ss          , Re^Fdw      , Re^Fdw      , Re^Fdw      , Re^Fdw      , Re^Fdw      , Re^Fdw      , Re^Fdw      , Re^Fdw      , Re^Fdw      , Ss          , Gs^Fmw      
Ss          , Ss          , Ww          , Ww^Fdw      , Ss          , Ss          , Re^Fdw      , Re^Fdw      , Ww          , Ww          , Ss          , Ww          , Ww          , Ww          , Re^Fmw      , Ss          , Ss          
Ss          , Ss          , Ww          , Ww^Fdw      , Ss          , Ss          , Ww          , Ww          , Ss          , Ww          , Ss          , Ss          , Ss          , Ww          , Re^Fdw      , Re^Fmw      , Re^Fmw      
Ss          , Ss          , Ww          , Ww          , Ww          , Ww          , Ss          , Ss          , Ss          , Ww          , Ww          , Ss          , Ww          , Ww          , Re^Fdw      , Ss          , Ss          
Ss          , Ww          , Ww          , Ww          , Ss          , Ss          , Gs^Fdw      , Ss          , Ss          , Ss          , Wwf^Fdw     , Ww          , Wwf         , Wwf         , Re^Fdw      , Ss          , Ss          
Ss          , Ww          , Ww          , Ww          , Ss          , Gs^Fdw      , Gs^Fdw      , Ss          , Ss          , Ss          , Ss          , Wwf         , Ss          , Ss          , Re          , Re          , Ss          
Ss          , Ww          , Ww          , Ww          , Ss          , Gs^Fdw      , Gs^Fdw      , Ss          , Ss          , Ss          , 1 Re        , Ss          , Ss          , Re          , Re          , Re^Fdw      , Ss          
Ss          , Ss          , Ww          , Ww          , Ss          , Gs^Fdw      , Gs^Fdw      , Gs^Fmw      , Gs^Fmw      , Re          , Re          , Re          , Re          , Re          , Gs^Fmw      , Gs^Fdf      , Ss          
Ss          , Ss          , Ww          , Ss          , Ss          , Gs^Fdw      , Gs^Fdw      , Gs^Fmw      , Gs^Fmw      , Gs^Fmw      , Gs^Fmw      , Gs^Fmw      , Gs^Fmw      , Gs^Fmw      , Gs^Fdw      , Ss          , Ss          
